// Jest Snapshot v1, https://goo.gl/fbAQLP

exports[`<HomePage /> should render and match the snapshot 1`] = `
<div
  id="container"
>
  <h1>
    Omnibar Test
  </h1>
  <div
    class="omnibar-container"
  >
    <div
      aria-expanded="false"
      aria-haspopup="listbox"
      aria-owns="react-autowhatever-1"
      class="react-autosuggest__container"
      role="combobox"
    >
      <input
        aria-autocomplete="list"
        aria-controls="react-autowhatever-1"
        autocomplete="off"
        class="react-autosuggest__input"
        placeholder="What's happening?"
        type="text"
        value=""
      />
      <div
        class="react-autosuggest__suggestions-container"
        id="react-autowhatever-1"
        role="listbox"
      />
    </div>
  </div>
</div>
`;
